// Jest Snapshot v1, https://goo.gl/fbAQLP

exports[`matches snapshot 1`] = `
<div
  className="input-wrapper"
  data-testid="selectinfo-1"
>
  <label>
    Job Title
    :
  </label>
  <div
    className="inner-wrapper"
  >
    <select
      aria-label="Default select example"
      className="form-select"
      disabled={true}
      value="Engineer - Mid Level"
    >
      <option>
        Please select job title
      </option>
      <option>
        Engineer - Lead
      </option>
      <option>
        Engineer - Mid Level
      </option>
      <option>
        Engineer - Junior
      </option>
      <option>
        Engineer - Front End Focused
      </option>
      <option>
        Engineer - Backend Focused
      </option>
      <option>
        Engineer - Full Stack
      </option>
    </select>
  </div>
</div>
`;
