// Jest Snapshot v1, https://goo.gl/fbAQLP

exports[`matches snapshot 1`] = `
<div
  className="input-wrapper"
  data-testid="textareainfo-1"
>
  <label>
    Reason
    :
  </label>
  <div>
    <textarea
      className="form-control"
      disabled={true}
      placeholder="Describe why you are a good fit for the job you are applying for."
      type="textarea"
      value="Tech stacks align, culture seems like a good fit."
    />
  </div>
</div>
`;
