// Jest Snapshot v1, https://goo.gl/fbAQLP

exports[`matches snapshot 1`] = `
<div
  className="input-wrapper"
  data-testid="textinfo-1"
>
  <label>
    First Name
    :
  </label>
  <div
    className="inner-wrapper"
  >
    <input
      aria-describedby="emailHelp"
      className="form-control"
      disabled={true}
      name="firstName"
      placeholder="First name"
      type="text"
      value="Alex"
    />
  </div>
</div>
`;
